--------------------------------------------------------------------------------------
Timing Analyzer Summary
--------------------------------------------------------------------------------------

Type           : Worst-case tsu
Slack          : N/A
Required Time  : None
Actual Time    : 3.056 ns
From           : INPUT[1]
To             : ORDER[14]
From Clock     : --
To Clock       : INPUT[5]
Failed Paths   : 0

Type           : Worst-case tco
Slack          : N/A
Required Time  : None
Actual Time    : 20.375 ns
From           : ORDER[6]
To             : JMP
From Clock     : INPUT[6]
To Clock       : --
Failed Paths   : 0

Type           : Worst-case th
Slack          : N/A
Required Time  : None
Actual Time    : 9.576 ns
From           : INPUT[0]
To             : ORDER[6]
From Clock     : --
To Clock       : INPUT[6]
Failed Paths   : 0

Type           : Total number of failed paths
Slack          : 
Required Time  : 
Actual Time    : 
From           : 
To             : 
From Clock     : 
To Clock       : 
Failed Paths   : 0

--------------------------------------------------------------------------------------

